# CVS $Revision: 21407 $ $Author: evilmynex $ -- Tue Dec  2 17:52:53 2014 -- reformated by prettylst.pl v1.51 (build 25490)
SOURCELONG:Core Rulebook	SOURCESHORT:CR	SOURCEWEB:http://paizo.com/store/downloads/pathfinder/pathfinderRPG/v5748btpy88yj	SOURCEDATE:2009-08
# Original Entry by: Stefan Radermacher

# !PREBOOL:context("FLAG",AnimalCompanionSkill)
# is designed to prevent Animal Companions from selecting Skills they cannot possess
# Should be moved to the originating source
# Replacement:

# Skill Name				Key Stat	Untrained?		Skill Penalty?	Type						Visible		Source Page		Choose			Selections	Bonus to skill																								Temporary effect description																			Temporary Bonus															Auto Language
Acrobatics		KEYSTAT:DEX		ACHECK:YES		TYPE:Dexterity.Base		SOURCEPAGE:p.87	
Appraise					KEYSTAT:INT							TYPE:Intelligence.Base						SOURCEPAGE:p.90							
Bluff						KEYSTAT:CHA							TYPE:Charisma.Base						SOURCEPAGE:p.90							
Climb						KEYSTAT:STR				ACHECK:YES		TYPE:Strength.Base						SOURCEPAGE:p.90							
Craft (Alchemy)				KEYSTAT:INT	USEUNTRAINED:NO				TYPE:Intelligence.Craft.Base					SOURCEPAGE:p.91							
Craft (Armor)				KEYSTAT:INT	USEUNTRAINED:NO				TYPE:Intelligence.Craft.Base					SOURCEPAGE:p.91																		TEMPDESC:Craft skill checks are made with a -2 circumstance penalty if improvised tools are used							TEMPBONUS:PC|SKILL|Craft (Armor)|-2|TYPE=Circumstance|!PREITEM:1,TYPE=CraftToolsArmor
Craft (Baskets)				KEYSTAT:INT	USEUNTRAINED:NO				TYPE:Intelligence.Craft.Base					SOURCEPAGE:p.91																	TEMPDESC:Craft skill checks are made with a -2 circumstance penalty if improvised tools are used							TEMPBONUS:PC|SKILL|Craft (Baskets)|-2|TYPE=Circumstance|!PREITEM:1,TYPE=CraftToolsBaskets
Craft (Blacksmithing)			KEYSTAT:INT	USEUNTRAINED:NO				TYPE:Intelligence.Craft.Base					SOURCEPAGE:p.91														TEMPDESC:Craft skill checks are made with a -2 circumstance penalty if improvised tools are used							TEMPBONUS:PC|SKILL|Craft (Blacksmithing)|-2|TYPE=Circumstance|!PREITEM:1,TYPE=CraftToolsBlacksmithing
Craft (Books)				KEYSTAT:INT	USEUNTRAINED:NO				TYPE:Intelligence.Craft.Base					SOURCEPAGE:p.91																			TEMPDESC:Craft skill checks are made with a -2 circumstance penalty if improvised tools are used							TEMPBONUS:PC|SKILL|Craft (Books)|-2|TYPE=Circumstance|!PREITEM:1,TYPE=CraftToolsBooks
Craft (Bows)				KEYSTAT:INT	USEUNTRAINED:NO				TYPE:Intelligence.Craft.Base					SOURCEPAGE:p.91																				TEMPDESC:Craft skill checks are made with a -2 circumstance penalty if improvised tools are used							TEMPBONUS:PC|SKILL|Craft (Bows)|-2|TYPE=Circumstance|!PREITEM:1,TYPE=CraftToolsBows
Craft (Calligraphy)			KEYSTAT:INT	USEUNTRAINED:NO				TYPE:Intelligence.Craft.Base					SOURCEPAGE:p.91								TEMPDESC:Craft skill checks are made with a -2 circumstance penalty if improvised tools are used							TEMPBONUS:PC|SKILL|Craft (Calligraphy)|-2|TYPE=Circumstance|!PREITEM:1,TYPE=CraftToolsCalligraphy
Craft (Carpentry)				KEYSTAT:INT	USEUNTRAINED:NO				TYPE:Intelligence.Craft.Base					SOURCEPAGE:p.91								TEMPDESC:Craft skill checks are made with a -2 circumstance penalty if improvised tools are used							TEMPBONUS:PC|SKILL|Craft (Carpentry)|-2|TYPE=Circumstance|!PREITEM:1,TYPE=CraftToolsCarpentry
Craft (Cloth)				KEYSTAT:INT	USEUNTRAINED:NO				TYPE:Intelligence.Craft.Base					SOURCEPAGE:p.91								TEMPDESC:Craft skill checks are made with a -2 circumstance penalty if improvised tools are used							TEMPBONUS:PC|SKILL|Craft (Cloth)|-2|TYPE=Circumstance|!PREITEM:1,TYPE=CraftToolsCloth
Craft (Clothing)				KEYSTAT:INT	USEUNTRAINED:NO				TYPE:Intelligence.Craft.Base					SOURCEPAGE:p.91								TEMPDESC:Craft skill checks are made with a -2 circumstance penalty if improvised tools are used							TEMPBONUS:PC|SKILL|Craft (Clothing)|-2|TYPE=Circumstance|!PREITEM:1,TYPE=CraftToolsClothing
Craft (Gemcutting)			KEYSTAT:INT	USEUNTRAINED:NO				TYPE:Intelligence.Craft.Base					SOURCEPAGE:p.91								TEMPDESC:Craft skill checks are made with a -2 circumstance penalty if improvised tools are used							TEMPBONUS:PC|SKILL|Craft (Gemcutting)|-2|TYPE=Circumstance|!PREITEM:1,TYPE=CraftToolsGemcutting
Craft (Glass)				KEYSTAT:INT	USEUNTRAINED:NO				TYPE:Intelligence.Craft.Base					SOURCEPAGE:p.91								TEMPDESC:Craft skill checks are made with a -2 circumstance penalty if improvised tools are used							TEMPBONUS:PC|SKILL|Craft (Glass)|-2|TYPE=Circumstance|!PREITEM:1,TYPE=CraftToolsGlass
Craft (Jewelry)				KEYSTAT:INT	USEUNTRAINED:NO				TYPE:Intelligence.Craft.Base					SOURCEPAGE:p.91								TEMPDESC:Craft skill checks are made with a -2 circumstance penalty if improvised tools are used							TEMPBONUS:PC|SKILL|Craft (Jewelry)|-2|TYPE=Circumstance|!PREITEM:1,TYPE=CraftToolsJewelry
Craft (Leather)				KEYSTAT:INT	USEUNTRAINED:NO				TYPE:Intelligence.Craft.Base					SOURCEPAGE:p.91								TEMPDESC:Craft skill checks are made with a -2 circumstance penalty if improvised tools are used							TEMPBONUS:PC|SKILL|Craft (Leather)|-2|TYPE=Circumstance|!PREITEM:1,TYPE=CraftToolsLeather
Craft (Locks)				KEYSTAT:INT	USEUNTRAINED:NO				TYPE:Intelligence.Craft.Base					SOURCEPAGE:p.91								TEMPDESC:Craft skill checks are made with a -2 circumstance penalty if improvised tools are used							TEMPBONUS:PC|SKILL|Craft (Locks)|-2|TYPE=Circumstance|!PREITEM:1,TYPE=CraftToolsLocks
Craft (Paintings)				KEYSTAT:INT	USEUNTRAINED:NO				TYPE:Intelligence.Craft.Base					SOURCEPAGE:p.91								TEMPDESC:Craft skill checks are made with a -2 circumstance penalty if improvised tools are used							TEMPBONUS:PC|SKILL|Craft (Paintings)|-2|TYPE=Circumstance|!PREITEM:1,TYPE=CraftToolsPaintings
Craft (Pottery)				KEYSTAT:INT	USEUNTRAINED:NO				TYPE:Intelligence.Craft.Base					SOURCEPAGE:p.91								TEMPDESC:Craft skill checks are made with a -2 circumstance penalty if improvised tools are used							TEMPBONUS:PC|SKILL|Craft (Pottery)|-2|TYPE=Circumstance|!PREITEM:1,TYPE=CraftToolsPottery
Craft (Sculptures)			KEYSTAT:INT	USEUNTRAINED:NO				TYPE:Intelligence.Craft.Base					SOURCEPAGE:p.91								TEMPDESC:Craft skill checks are made with a -2 circumstance penalty if improvised tools are used							TEMPBONUS:PC|SKILL|Craft (Sculptures)|-2|TYPE=Circumstance|!PREITEM:1,TYPE=CraftToolsSculptures
Craft (Ships)				KEYSTAT:INT	USEUNTRAINED:NO				TYPE:Intelligence.Craft.Base					SOURCEPAGE:p.91								TEMPDESC:Craft skill checks are made with a -2 circumstance penalty if improvised tools are used							TEMPBONUS:PC|SKILL|Craft (Ships)|-2|TYPE=Circumstance|!PREITEM:1,TYPE=CraftToolsShips
Craft (Shoes)				KEYSTAT:INT	USEUNTRAINED:NO				TYPE:Intelligence.Craft.Base					SOURCEPAGE:p.91								TEMPDESC:Craft skill checks are made with a -2 circumstance penalty if improvised tools are used							TEMPBONUS:PC|SKILL|Craft (Shoes)|-2|TYPE=Circumstance|!PREITEM:1,TYPE=CraftToolsShoes
Craft (Stonemasonry)			KEYSTAT:INT	USEUNTRAINED:NO				TYPE:Intelligence.Craft.Base					SOURCEPAGE:p.91								TEMPDESC:Craft skill checks are made with a -2 circumstance penalty if improvised tools are used							TEMPBONUS:PC|SKILL|Craft (Stonemasonry)|-2|TYPE=Circumstance|!PREITEM:1,TYPE=CraftToolsStonemasonry
Craft (Traps)				KEYSTAT:INT	USEUNTRAINED:NO				TYPE:Intelligence.Craft.Base					SOURCEPAGE:p.91								TEMPDESC:Craft skill checks are made with a -2 circumstance penalty if improvised tools are used							TEMPBONUS:PC|SKILL|Craft (Traps)|-2|TYPE=Circumstance|!PREITEM:1,TYPE=CraftTools
Craft (Weapons)				KEYSTAT:INT	USEUNTRAINED:NO				TYPE:Intelligence.Craft.Base					SOURCEPAGE:p.91								TEMPDESC:Craft skill checks are made with a -2 circumstance penalty if improvised tools are used							TEMPBONUS:PC|SKILL|Craft (Weapons)|-2|TYPE=Circumstance|!PREITEM:1,TYPE=CraftToolsWeapons
Craft (Untrained)				KEYSTAT:INT							TYPE:Intelligence.Craft.Base		VISIBLE:EXPORT	SOURCEPAGE:p.91
Diplomacy					KEYSTAT:CHA							TYPE:Charisma.Base						SOURCEPAGE:p.93							
Disable Device				KEYSTAT:DEX	USEUNTRAINED:NO	ACHECK:YES		TYPE:Dexterity.Base						SOURCEPAGE:p.94								TEMPDESC:Craft skill checks are made with a -2 circumstance penalty if improvised tools are used							TEMPBONUS:PC|SKILL|Disable Device|-2|TYPE=Circumstance|!PREITEM:1,TYPE=ThiefTools
Disguise					KEYSTAT:CHA							TYPE:Charisma.Base						SOURCEPAGE:p.95							
Escape Artist				KEYSTAT:DEX				ACHECK:YES		TYPE:Dexterity.Base						SOURCEPAGE:p.95							
Fly						KEYSTAT:DEX				ACHECK:YES		TYPE:Dexterity.Base						SOURCEPAGE:p.96							
Handle Animal				KEYSTAT:CHA	USEUNTRAINED:NO				TYPE:Charisma.Base						SOURCEPAGE:p.97							
Heal						KEYSTAT:WIS							TYPE:Wisdom.Base							SOURCEPAGE:p.98							
Intimidate					KEYSTAT:CHA							TYPE:Charisma.Base						SOURCEPAGE:p.99							
Knowledge (Arcana)			KEYSTAT:INT	USEUNTRAINED:NO				TYPE:Intelligence.Knowledge.Base				SOURCEPAGE:p.100							
Knowledge (Dungeoneering)		KEYSTAT:INT	USEUNTRAINED:NO				TYPE:Intelligence.Knowledge.Base				SOURCEPAGE:p.100							
Knowledge (Engineering)			KEYSTAT:INT	USEUNTRAINED:NO				TYPE:Intelligence.Knowledge.Base				SOURCEPAGE:p.100							
Knowledge (Geography)			KEYSTAT:INT	USEUNTRAINED:NO				TYPE:Intelligence.Knowledge.Base				SOURCEPAGE:p.100							
Knowledge (History)			KEYSTAT:INT	USEUNTRAINED:NO				TYPE:Intelligence.Knowledge.Base				SOURCEPAGE:p.100							
Knowledge (Local)				KEYSTAT:INT	USEUNTRAINED:NO				TYPE:Intelligence.Knowledge.Base				SOURCEPAGE:p.100							
Knowledge (Nature)			KEYSTAT:INT	USEUNTRAINED:NO				TYPE:Intelligence.Knowledge.Base				SOURCEPAGE:p.100							
Knowledge (Nobility)			KEYSTAT:INT	USEUNTRAINED:NO				TYPE:Intelligence.Knowledge.Base				SOURCEPAGE:p.100							
Knowledge (Planes)			KEYSTAT:INT	USEUNTRAINED:NO				TYPE:Intelligence.Knowledge.Base				SOURCEPAGE:p.100							
Knowledge (Religion)			KEYSTAT:INT	USEUNTRAINED:NO				TYPE:Intelligence.Knowledge.Base				SOURCEPAGE:p.100							
Linguistics					KEYSTAT:INT	USEUNTRAINED:NO				TYPE:Intelligence.Base						SOURCEPAGE:p.101	CHOOSE:LANG|TYPE=Spoken	SELECT:1		AUTO:LANG|%LIST
Perception					KEYSTAT:WIS							TYPE:Wisdom.Base							SOURCEPAGE:p.102							
Perform (Act)				KEYSTAT:CHA	USEUNTRAINED:NO				TYPE:Charisma.Perform.Base					SOURCEPAGE:p.102							
Perform (Comedy)				KEYSTAT:CHA	USEUNTRAINED:NO				TYPE:Charisma.Perform.Base					SOURCEPAGE:p.102							
Perform (Dance)				KEYSTAT:CHA	USEUNTRAINED:NO				TYPE:Charisma.Perform.Base					SOURCEPAGE:p.102							
Perform (Keyboard Instruments)	KEYSTAT:CHA	USEUNTRAINED:NO				TYPE:Charisma.Perform.Base					SOURCEPAGE:p.102							
Perform (Oratory)				KEYSTAT:CHA	USEUNTRAINED:NO				TYPE:Charisma.Perform.Base					SOURCEPAGE:p.102							
Perform (Percussion Instruments)	KEYSTAT:CHA	USEUNTRAINED:NO				TYPE:Charisma.Perform.Base					SOURCEPAGE:p.102							
Perform (Sing)				KEYSTAT:CHA	USEUNTRAINED:NO				TYPE:Charisma.Perform.Base					SOURCEPAGE:p.102							
Perform (String Instruments)		KEYSTAT:CHA	USEUNTRAINED:NO				TYPE:Charisma.Perform.Base					SOURCEPAGE:p.102							
Perform (Wind Instruments)		KEYSTAT:CHA	USEUNTRAINED:NO				TYPE:Charisma.Perform.Base					SOURCEPAGE:p.102							
Perform (Untrained)			KEYSTAT:CHA							TYPE:Charisma.Perform.Base		VISIBLE:EXPORT	SOURCEPAGE:p.102
Profession (Architect)			KEYSTAT:WIS	USEUNTRAINED:NO				TYPE:Wisdom.Profession.Base					SOURCEPAGE:p.103							
Profession (Baker)			KEYSTAT:WIS	USEUNTRAINED:NO				TYPE:Wisdom.Profession.Base					SOURCEPAGE:p.103							
Profession (Barrister)			KEYSTAT:WIS	USEUNTRAINED:NO				TYPE:Wisdom.Profession.Base					SOURCEPAGE:p.103							
Profession (Brewer)			KEYSTAT:WIS	USEUNTRAINED:NO				TYPE:Wisdom.Profession.Base					SOURCEPAGE:p.103							
Profession (Butcher)			KEYSTAT:WIS	USEUNTRAINED:NO				TYPE:Wisdom.Profession.Base					SOURCEPAGE:p.103							
Profession (Clerk)			KEYSTAT:WIS	USEUNTRAINED:NO				TYPE:Wisdom.Profession.Base					SOURCEPAGE:p.103							
Profession (Cook)				KEYSTAT:WIS	USEUNTRAINED:NO				TYPE:Wisdom.Profession.Base					SOURCEPAGE:p.103							
Profession (Courtesan)			KEYSTAT:WIS	USEUNTRAINED:NO				TYPE:Wisdom.Profession.Base					SOURCEPAGE:p.103							
Profession (Driver)			KEYSTAT:WIS	USEUNTRAINED:NO				TYPE:Wisdom.Profession.Base					SOURCEPAGE:p.103							
Profession (Engineer)			KEYSTAT:WIS	USEUNTRAINED:NO				TYPE:Wisdom.Profession.Base					SOURCEPAGE:p.103							
Profession (Farmer)			KEYSTAT:WIS	USEUNTRAINED:NO				TYPE:Wisdom.Profession.Base					SOURCEPAGE:p.103							
Profession (Fisherman)			KEYSTAT:WIS	USEUNTRAINED:NO				TYPE:Wisdom.Profession.Base					SOURCEPAGE:p.103							
Profession (Gambler)			KEYSTAT:WIS	USEUNTRAINED:NO				TYPE:Wisdom.Profession.Base					SOURCEPAGE:p.103							
Profession (Gardener)			KEYSTAT:WIS	USEUNTRAINED:NO				TYPE:Wisdom.Profession.Base					SOURCEPAGE:p.103							
Profession (Herbalist)			KEYSTAT:WIS	USEUNTRAINED:NO				TYPE:Wisdom.Profession.Base					SOURCEPAGE:p.103							
Profession (Innkeeper)			KEYSTAT:WIS	USEUNTRAINED:NO				TYPE:Wisdom.Profession.Base					SOURCEPAGE:p.103							
Profession (Librarian)			KEYSTAT:WIS	USEUNTRAINED:NO				TYPE:Wisdom.Profession.Base					SOURCEPAGE:p.103							
Profession (Merchant)			KEYSTAT:WIS	USEUNTRAINED:NO				TYPE:Wisdom.Profession.Base					SOURCEPAGE:p.103							
Profession (Midwife)			KEYSTAT:WIS	USEUNTRAINED:NO				TYPE:Wisdom.Profession.Base					SOURCEPAGE:p.103							
Profession (Miller)			KEYSTAT:WIS	USEUNTRAINED:NO				TYPE:Wisdom.Profession.Base					SOURCEPAGE:p.103							
Profession (Miner)			KEYSTAT:WIS	USEUNTRAINED:NO				TYPE:Wisdom.Profession.Base					SOURCEPAGE:p.103							
Profession (Porter)			KEYSTAT:WIS	USEUNTRAINED:NO				TYPE:Wisdom.Profession.Base					SOURCEPAGE:p.103							
Profession (Sailor)			KEYSTAT:WIS	USEUNTRAINED:NO				TYPE:Wisdom.Profession.Base					SOURCEPAGE:p.103							
Profession (Scribe)			KEYSTAT:WIS	USEUNTRAINED:NO				TYPE:Wisdom.Profession.Base					SOURCEPAGE:p.103							
Profession (Shepherd)			KEYSTAT:WIS	USEUNTRAINED:NO				TYPE:Wisdom.Profession.Base					SOURCEPAGE:p.103							
Profession (Soldier)			KEYSTAT:WIS	USEUNTRAINED:NO				TYPE:Wisdom.Profession.Base					SOURCEPAGE:p.103							
Profession (Soothsayer)			KEYSTAT:WIS	USEUNTRAINED:NO				TYPE:Wisdom.Profession.Base					SOURCEPAGE:p.103							
Profession (Stable Master)		KEYSTAT:WIS	USEUNTRAINED:NO				TYPE:Wisdom.Profession.Base					SOURCEPAGE:p.103							
Profession (Tanner)			KEYSTAT:WIS	USEUNTRAINED:NO				TYPE:Wisdom.Profession.Base					SOURCEPAGE:p.103							
Profession (Trapper)			KEYSTAT:WIS	USEUNTRAINED:NO				TYPE:Wisdom.Profession.Base					SOURCEPAGE:p.103							
Profession (Woodcutter)			KEYSTAT:WIS	USEUNTRAINED:NO				TYPE:Wisdom.Profession.Base					SOURCEPAGE:p.103							
Ride						KEYSTAT:DEX				ACHECK:YES		TYPE:Dexterity.Base						SOURCEPAGE:p.103								TEMPDESC:If you are riding bareback, or attempt to ride a creature that is ill suited as a mount, you take a -5 penalty on Ride checks.	TEMPBONUS:ANYPC|SKILL|Ride|-5|TYPE=Circumstance|!PREITEM:1,TYPE=Saddle
Sense Motive				KEYSTAT:WIS							TYPE:Wisdom.Base							SOURCEPAGE:p.104							
Sleight of Hand				KEYSTAT:DEX	USEUNTRAINED:NO	ACHECK:YES		TYPE:Dexterity.Base						SOURCEPAGE:p.105							
Spellcraft					KEYSTAT:INT	USEUNTRAINED:NO				TYPE:Intelligence.Base						SOURCEPAGE:p.106							
Stealth					KEYSTAT:DEX				ACHECK:YES		TYPE:Dexterity.Base						SOURCEPAGE:p.106							
Survival					KEYSTAT:WIS							TYPE:Wisdom.Base							SOURCEPAGE:p.107							
Swim						KEYSTAT:STR				ACHECK:YES		TYPE:Strength.Base						SOURCEPAGE:p.108								
Use Magic Device				KEYSTAT:CHA	USEUNTRAINED:NO				TYPE:Charisma.Base						SOURCEPAGE:p.108							

###Block: Special Skills
# Skill Name		Key Stat	Type					Visible		Required Ability								Source Page
Knowledge (Untrained)	KEYSTAT:INT	TYPE:Intelligence.Knowledge	VISIBLE:EXPORT	PREABILITY:1,CATEGORY=Special Ability,Bardic Knowledge	SOURCEPAGE:p.100



###Block: Improvisation - This requires us to SET VISIBLE based upon circumstances
# Skill Name		SORTKEY	Unique Key					Key Stat	Visible		Var. Min. Value
Untrained Strength	SORTKEY:z							KEYSTAT:STR	VISIBLE:EXPORT	PREBOOL:context("FLAG",UseUntrainedSkills)	
Untrained Dexterity	SORTKEY:z							KEYSTAT:DEX	VISIBLE:EXPORT	PREBOOL:context("FLAG",UseUntrainedSkills)	
Untrained Intelligence	SORTKEY:z							KEYSTAT:INT	VISIBLE:EXPORT	PREBOOL:context("FLAG",UseUntrainedSkills)	
Untrained Wisdom		SORTKEY:z							KEYSTAT:WIS	VISIBLE:EXPORT	PREBOOL:context("FLAG",UseUntrainedSkills)	
Untrained Charisma	SORTKEY:z							KEYSTAT:CHA	VISIBLE:EXPORT	PREBOOL:context("FLAG",UseUntrainedSkills)	
Knowledge (Untrained)									KEYSTAT:INT	VISIBLE:EXPORT	PREBOOL:context("FLAG",UseUntrainedSkills)	
Profession (Untrained)									KEYSTAT:WIS	VISIBLE:EXPORT	PREBOOL:context("FLAG",UseUntrainedSkills)	
# VERIFY WITH TOM THIS SYNTAX WORKS:  PREBOOL:context("FLAG",UseUntrainedSkills)&&if(getLocalVar("SKILL","Disable Device",Rank==0),True,False)
# Should that be an IF statement or a BOOLEAN statement?
# &&boolean(getLocalVar("SKILL","Disable Device",Rank==0)
Disable Device				KEY:Untrained ~ Disable Device	KEYSTAT:DEX	VISIBLE:EXPORT	PREBOOL:context("FLAG",UseUntrainedSkills)&&if(getLocalVar("SKILL","Disable Device",Rank==0),True,False)
Handle Animal				KEY:Untrained ~ Handle Animal		KEYSTAT:CHA	VISIBLE:EXPORT	PREBOOL:context("FLAG",UseUntrainedSkills)&&if(getLocalVar("SKILL","Handle Animal",Rank==0),True,False)
Linguistics					KEY:Untrained ~ Linguistics		KEYSTAT:INT	VISIBLE:EXPORT	PREBOOL:context("FLAG",UseUntrainedSkills)&&if(getLocalVar("SKILL","Linguistics",Rank==0),True,False)
Sleight of Hand				KEY:Untrained ~ Sleight of Hand	KEYSTAT:DEX	VISIBLE:EXPORT	PREBOOL:context("FLAG",UseUntrainedSkills)&&if(getLocalVar("SKILL","Sleight of Hand",Rank==0),True,False)
Spellcraft					KEY:Untrained ~ Spellcraft		KEYSTAT:INT	VISIBLE:EXPORT	PREBOOL:context("FLAG",UseUntrainedSkills)&&if(getLocalVar("SKILL","Spellcraft",Rank==0),True,False)
Use Magic Device				KEY:Untrained ~ Use Magic Device	KEYSTAT:CHA	VISIBLE:EXPORT	PREBOOL:context("FLAG",UseUntrainedSkills)&&if(getLocalVar("SKILL","Use Magic Device",Rank==0),True,False)


###Block: Animal Companion rules - Core Rulebook (Forth printing), p.52
# Skills: This lists the animal’s total skill ranks. Animal companions can assign skill ranks to any skill listed under Animal Skills. If an animal companion increases its Intelligence to 10 or higher, it gains bonus skill ranks as normal. Animal companions with an Intelligence of 3 or higher can purchase ranks in any skill. An animal companion cannot have more ranks in a skill than it has Hit Dice.
# Rule Quote "Animal companions can have ranks in any of the following skills: Acrobatics* (Dex), Climb* (Str), Escape Artist (Dex), Fly* (Dex), Intimidate (Cha), Perception* (Wis), Stealth* (Dex), Survival (Wis), and Swim* (Str). All of the skills marked with an (*) are class skills for animal companions. Animal companions with an Intelligence of 3 or higher can put ranks into any skill."

Appraise.MOD					!PREBOOL:context("FLAG",AnimalCompanionSkill)
Bluff.MOD						!PREBOOL:context("FLAG",AnimalCompanionSkill)
Craft (Alchemy).MOD				!PREBOOL:context("FLAG",AnimalCompanionSkill)
Craft (Armor).MOD					!PREBOOL:context("FLAG",AnimalCompanionSkill)
Craft (Baskets).MOD				!PREBOOL:context("FLAG",AnimalCompanionSkill)
Craft (Blacksmithing).MOD			!PREBOOL:context("FLAG",AnimalCompanionSkill)
Craft (Books).MOD					!PREBOOL:context("FLAG",AnimalCompanionSkill)
Craft (Bows).MOD					!PREBOOL:context("FLAG",AnimalCompanionSkill)
Craft (Calligraphy).MOD				!PREBOOL:context("FLAG",AnimalCompanionSkill)
Craft (Carpentry).MOD				!PREBOOL:context("FLAG",AnimalCompanionSkill)
Craft (Cloth).MOD					!PREBOOL:context("FLAG",AnimalCompanionSkill)
Craft (Clothing).MOD				!PREBOOL:context("FLAG",AnimalCompanionSkill)
Craft (Gemcutting).MOD				!PREBOOL:context("FLAG",AnimalCompanionSkill)
Craft (Glass).MOD					!PREBOOL:context("FLAG",AnimalCompanionSkill)
Craft (Jewelry).MOD				!PREBOOL:context("FLAG",AnimalCompanionSkill)
Craft (Leather).MOD				!PREBOOL:context("FLAG",AnimalCompanionSkill)
Craft (Locks).MOD					!PREBOOL:context("FLAG",AnimalCompanionSkill)
Craft (Paintings).MOD				!PREBOOL:context("FLAG",AnimalCompanionSkill)
Craft (Pottery).MOD				!PREBOOL:context("FLAG",AnimalCompanionSkill)
Craft (Sculptures).MOD				!PREBOOL:context("FLAG",AnimalCompanionSkill)
Craft (Ships).MOD					!PREBOOL:context("FLAG",AnimalCompanionSkill)
Craft (Shoes).MOD					!PREBOOL:context("FLAG",AnimalCompanionSkill)
Craft (Stonemasonry).MOD			!PREBOOL:context("FLAG",AnimalCompanionSkill)
Craft (Traps).MOD					!PREBOOL:context("FLAG",AnimalCompanionSkill)
Craft (Weapons).MOD				!PREBOOL:context("FLAG",AnimalCompanionSkill)
Craft (Untrained).MOD				!PREBOOL:context("FLAG",AnimalCompanionSkill)
Diplomacy.MOD					!PREBOOL:context("FLAG",AnimalCompanionSkill)
Disable Device.MOD				!PREBOOL:context("FLAG",AnimalCompanionSkill)
Disguise.MOD					!PREBOOL:context("FLAG",AnimalCompanionSkill)
Handle Animal.MOD					!PREBOOL:context("FLAG",AnimalCompanionSkill)
Heal.MOD						!PREBOOL:context("FLAG",AnimalCompanionSkill)
Knowledge (Arcana).MOD				!PREBOOL:context("FLAG",AnimalCompanionSkill)
Knowledge (Dungeoneering).MOD			!PREBOOL:context("FLAG",AnimalCompanionSkill)
Knowledge (Engineering).MOD			!PREBOOL:context("FLAG",AnimalCompanionSkill)
Knowledge (Geography).MOD			!PREBOOL:context("FLAG",AnimalCompanionSkill)
Knowledge (History).MOD				!PREBOOL:context("FLAG",AnimalCompanionSkill)
Knowledge (Local).MOD				!PREBOOL:context("FLAG",AnimalCompanionSkill)
Knowledge (Nature).MOD				!PREBOOL:context("FLAG",AnimalCompanionSkill)
Knowledge (Nobility).MOD			!PREBOOL:context("FLAG",AnimalCompanionSkill)
Knowledge (Planes).MOD				!PREBOOL:context("FLAG",AnimalCompanionSkill)
Knowledge (Religion).MOD			!PREBOOL:context("FLAG",AnimalCompanionSkill)
Linguistics.MOD					!PREBOOL:context("FLAG",AnimalCompanionSkill)
Perform (Act).MOD					!PREBOOL:context("FLAG",AnimalCompanionSkill)
Perform (Comedy).MOD				!PREBOOL:context("FLAG",AnimalCompanionSkill)
Perform (Dance).MOD				!PREBOOL:context("FLAG",AnimalCompanionSkill)
Perform (Keyboard Instruments).MOD		!PREBOOL:context("FLAG",AnimalCompanionSkill)
Perform (Oratory).MOD				!PREBOOL:context("FLAG",AnimalCompanionSkill)
Perform (Percussion Instruments).MOD	!PREBOOL:context("FLAG",AnimalCompanionSkill)
Perform (Sing).MOD				!PREBOOL:context("FLAG",AnimalCompanionSkill)
Perform (String Instruments).MOD		!PREBOOL:context("FLAG",AnimalCompanionSkill)
Perform (Wind Instruments).MOD		!PREBOOL:context("FLAG",AnimalCompanionSkill)
Perform (Untrained).MOD				!PREBOOL:context("FLAG",AnimalCompanionSkill)
Profession (Architect).MOD			!PREBOOL:context("FLAG",AnimalCompanionSkill)
Profession (Baker).MOD				!PREBOOL:context("FLAG",AnimalCompanionSkill)
Profession (Barrister).MOD			!PREBOOL:context("FLAG",AnimalCompanionSkill)
Profession (Brewer).MOD				!PREBOOL:context("FLAG",AnimalCompanionSkill)
Profession (Butcher).MOD			!PREBOOL:context("FLAG",AnimalCompanionSkill)
Profession (Clerk).MOD				!PREBOOL:context("FLAG",AnimalCompanionSkill)
Profession (Cook).MOD				!PREBOOL:context("FLAG",AnimalCompanionSkill)
Profession (Courtesan).MOD			!PREBOOL:context("FLAG",AnimalCompanionSkill)
Profession (Driver).MOD				!PREBOOL:context("FLAG",AnimalCompanionSkill)
Profession (Engineer).MOD			!PREBOOL:context("FLAG",AnimalCompanionSkill)
Profession (Farmer).MOD				!PREBOOL:context("FLAG",AnimalCompanionSkill)
Profession (Fisherman).MOD			!PREBOOL:context("FLAG",AnimalCompanionSkill)
Profession (Gambler).MOD			!PREBOOL:context("FLAG",AnimalCompanionSkill)
Profession (Gardener).MOD			!PREBOOL:context("FLAG",AnimalCompanionSkill)
Profession (Herbalist).MOD			!PREBOOL:context("FLAG",AnimalCompanionSkill)
Profession (Innkeeper).MOD			!PREBOOL:context("FLAG",AnimalCompanionSkill)
Profession (Librarian).MOD			!PREBOOL:context("FLAG",AnimalCompanionSkill)
Profession (Merchant).MOD			!PREBOOL:context("FLAG",AnimalCompanionSkill)
Profession (Midwife).MOD			!PREBOOL:context("FLAG",AnimalCompanionSkill)
Profession (Miller).MOD				!PREBOOL:context("FLAG",AnimalCompanionSkill)
Profession (Miner).MOD				!PREBOOL:context("FLAG",AnimalCompanionSkill)
Profession (Porter).MOD				!PREBOOL:context("FLAG",AnimalCompanionSkill)
Profession (Sailor).MOD				!PREBOOL:context("FLAG",AnimalCompanionSkill)
Profession (Scribe).MOD				!PREBOOL:context("FLAG",AnimalCompanionSkill)
Profession (Shepherd).MOD			!PREBOOL:context("FLAG",AnimalCompanionSkill)
Profession (Soldier).MOD			!PREBOOL:context("FLAG",AnimalCompanionSkill)
Profession (Soothsayer).MOD			!PREBOOL:context("FLAG",AnimalCompanionSkill)
Profession (Stable Master).MOD		!PREBOOL:context("FLAG",AnimalCompanionSkill)
Profession (Tanner).MOD				!PREBOOL:context("FLAG",AnimalCompanionSkill)
Profession (Trapper).MOD			!PREBOOL:context("FLAG",AnimalCompanionSkill)
Profession (Woodcutter).MOD			!PREBOOL:context("FLAG",AnimalCompanionSkill)
Ride.MOD						!PREBOOL:context("FLAG",AnimalCompanionSkill)
Sense Motive.MOD					!PREBOOL:context("FLAG",AnimalCompanionSkill)
Sleight of Hand.MOD				!PREBOOL:context("FLAG",AnimalCompanionSkill)
Spellcraft.MOD					!PREBOOL:context("FLAG",AnimalCompanionSkill)
Use Magic Device.MOD				!PREBOOL:context("FLAG",AnimalCompanionSkill)

#
# EOF
#
