
LOCAL:SKILL|VAR=MaxRank
LOCAL:SKILL|Rank
LOCAL:SKILL|Bonus
LOCAL:SKILL|Stat










# These are the Old Defines:
	DEFINE:DisplayVersion|0
	DEFINE:SpellCastingFeatCount|0
	DEFINE:BasicCombatFeatCount|0
	DEFINE:MeleeCombatFeatCount|0
	DEFINE:RangedCombatFeatCount|0
	DEFINE:UnarmedCombatFeatCount|0
	DEFINE:ChanceFeatCount|0
	DEFINE:CovertFeatCount|0
	DEFINE:GearFeatCount|0
	DEFINE:SkillFeatCount|0
	DEFINE:SpeciesFeatCount|0
	DEFINE:StyleFeatCount|0
	DEFINE:TerrainFeatCount|0


	DEFINE:Allowed_Rank|0
	DEFINE:MinRank|0
	DEFINE:Allowed_RankSpellcasting|0
	DEFINE:Allowed_RankAcrobatics|0
	DEFINE:Allowed_RankAthletics|0
	DEFINE:Allowed_RankBlend|0
	DEFINE:Allowed_RankBluff|0
	DEFINE:Allowed_RankCrafting|0
	DEFINE:Allowed_RankDisguise|0
	DEFINE:Allowed_RankHaggle|0
	DEFINE:Allowed_RankImpress|0
	DEFINE:Allowed_RankIntimidate|0
	DEFINE:Allowed_RankInvestigate|0
	DEFINE:Allowed_RankMedicine|0
	DEFINE:Allowed_RankNotice|0
	DEFINE:Allowed_RankPrestidigitation|0
	DEFINE:Allowed_RankResolve|0
	DEFINE:Allowed_RankRide|0
	DEFINE:Allowed_RankSearch|0
	DEFINE:Allowed_RankSenseMotive|0
	DEFINE:Allowed_RankSneak|0
	DEFINE:Allowed_RankSurvival|0
	DEFINE:Allowed_RankTactics|0
	DEFINE:ProficiencyBowLvl|0
	DEFINE:ProficiencyBluntLvl|0
	DEFINE:ProficiencyEdgedLvl|0
	DEFINE:ProficiencyHurledLvl|0
	DEFINE:ProficiencyUnarmedLvl|0
	DEFINE:ProficiencySiegeLvl|0
	DEFINE:ProficiencyBlackPowderLvl|0
	DEFINE:BiteGrade|0
	DEFINE:ClawGrade|0
	DEFINE:KickGrade|0
	DEFINE:SlamGrade|0
	DEFINE:TalonGrade|0
	DEFINE:GoreGrade|0
	DEFINE:SqueezeGrade|0
	DEFINE:SwallowGrade|0
	DEFINE:TailSlapGrade|0
	DEFINE:TrampleGrade|0
	DEFINE:I|0
	DEFINE:II|0
	DEFINE:III|0
	DEFINE:IV|0
	DEFINE:V|0
	DEFINE:VI|0
	DEFINE:VII|0
	DEFINE:VIII|0
	DEFINE:IX|0
	DEFINE:X|0
	DEFINE:LifestyleScore|0
	DEFINE:Panache|0
	DEFINE:Prudence|0
	DEFINE:LifestyleTotal|0





