


# New Scope: CHECK
LOCAL:CHECK|VAR=Save			EXPLANATION:D20 System - Sets a local Save for each check in the system (Check is PCGen term for a Saving Throw)
LOCAL:CHECK|VAR=Save.Base		EXPLANATION:D20 System - Sets a local Save base for each check in the system (Base is modified by Classes)
LOCAL:CHECK|VAR=Save.Stat		EXPLANATION:D20 System - Sets a local Save stat for each check in the system (Stat is the MOD value)
LOCAL:CHECK|VAR=Save.Bonus		EXPLANATION:D20 System - Sets a local Save bonus for each check in the system (Anything else affecting the save)
LOCAL:CHECK|VAR=Save.Racial		EXPLANATION:D20 System - Sets a local Save racial for each check in the system (Anything else affecting the save)


LOCAL:SKILL|VAR=MaxRank
LOCAL:SKILL|Rank
LOCAL:SKILL|Bonus
LOCAL:SKILL|Stat
LOCAL:SKILL|VAR=MaxRank.Mod
# Bonus types to MaxRank
LOCAL:SKILL|VAR=MaxRank.Enlightened


TL
LOCAL:CLASS|ECL

# Global Vars
AC.Total		
AC.Base		
AC.Ability		
AC.Size		
AC.ClassDefense	
AC.Misc		
AC.Flatfooted	
AC.Touch		


StrDamage		
LOADSCORE	
LoadScoreSizeMod	



# These are the Old Defines:
DisplayVersion
SpellCastingFeatCount
BasicCombatFeatCount
MeleeCombatFeatCount
RangedCombatFeatCount
UnarmedCombatFeatCount
ChanceFeatCount
CovertFeatCount
GearFeatCount
SkillFeatCount
SpeciesFeatCount
StyleFeatCount
TerrainFeatCount

Allowed_Rank
MinRank
Allowed_RankSpellcasting
Allowed_RankAcrobatics
Allowed_RankAthletics
Allowed_RankBlend
Allowed_RankBluff
Allowed_RankCrafting
Allowed_RankDisguise
Allowed_RankHaggle
Allowed_RankImpress
Allowed_RankIntimidate
Allowed_RankInvestigate
Allowed_RankMedicine
Allowed_RankNotice
Allowed_RankPrestidigitation
Allowed_RankResolve
Allowed_RankRide
Allowed_RankSearch
Allowed_RankSenseMotive
Allowed_RankSneak
Allowed_RankSurvival
Allowed_RankTactics
ProficiencyBowLvl
ProficiencyBluntLvl
ProficiencyEdgedLvl
ProficiencyHurledLvl
ProficiencyUnarmedLvl
ProficiencySiegeLvl
ProficiencyBlackPowderLvl
BiteGrade
ClawGrade
KickGrade
SlamGrade
TalonGrade
GoreGrade
SqueezeGrade
SwallowGrade
TailSlapGrade
TrampleGrade
I
II
III
IV
V
VI
VII
VIII
IX
X
LifestyleScore
Panache
Prudence
LifestyleTotal



DarkvisionLvl
NPCThreatLvl

ArcaneKnown	
SpellPoints	
Panache	
TotalCasterLvl

NormalMount	
ProficiencyCount
InterestCount
Min_Rank	
Allowed_Rank	
Mx_Rank	
Subrace	
Prudence	
HeroicRenown
BaseReach	
BonusSkillPts		
WoundPointSizeMod	
UseAlternateDamage

#BONUS:VAR|NormalMount|1
#BONUS:VAR|Mx_Rank|TL+12|TYPE=BASE	
#BONUS:VAR|Subrace|1|PREABILITY:1,CATEGORY=Internal,TYPE.SubraceChosen	
#BONUS:VAR|BaseReach|REACH.VAL
#BONUS:VAR|ArcaneKnown|WISSCORE+skillinfo("RANK","Spellcasting")	
#BONUS:MODSKILLPOINTS|NUMBER|INT+BonusSkillPts	
#BONUS:HP|BONUS|CON	
#BONUS:HP|ALTHP|WoundPointSizeMod	
#BONUS:VAR|UseAlternateDamage|1	

MasterAndCommanderLvl
MasterAndCommanderTacticsBonus
MasterAndCommanderFeatCount
BattlePlanningCount
BattlePlanningLvl
TakeCommandBonus
GiftsAndFavorsCityLvl
EloquenceCount
BookwormLvl
ExplorerFeatCount
HeroicRenown
MilitaryRenown
NobleRenown
RenownTotal
ReputationScore
BangResistanceBonus
BluntResistanceBonus
ColdResistanceBonus
DivineResistanceBonus
EdgedResistanceBonus
ElectricalResistanceBonus
FallingResistanceBonus
FlashResistanceBonus
FireResistanceBonus
RangedResistanceBonus
HeatResistanceBonus
SpiritResistanceBonus
EvasionLvl
UncannyDodgeLvl
ColdReadTimes
QuickOnYourFeetTimes
UnspokenNameBonus
BurglarFeatCount
TradeSecretsCount
BrightIdeaTimes
KeeperFeatCount
MettleLvl
MettleResolveRankBonus
LancerFeatCount
BredForWarBonus
CircleOfPowerLvl
ArcaneAdeptCount
ArcaneMightCount
SignsAndPortentsLvl
PathOfTheDevotedStepLvl
PriestFeatCount
CrossTrainingCount
RoughLivingBonus
ScoutFeatCount
SneakAttackDice
SneakAttackSize
FortunesOfWarLvl
ArmorUseLvl

Air		
Beasts		
Beauty		
Chaos		
Curses		
Darkness		
Death		
Deceit		
Destruction	
Earth		
Evil		
Fire		
Fortune		
Good		
Heroism		
Knowledge	
Life		
Light		
Magic		
Metal		
Nature		
Order		
Protection	
Secrets		
Sprits		
Strength		
Travel		
War		
Water		
Wilderness	
RideFocusCount
ActionDice


