


# New Scope: CHECK
LOCAL:CHECK|VAR=Save			EXPLANATION:D20 System - Sets a local Save for each check in the system (Check is PCGen term for a Saving Throw)
LOCAL:CHECK|VAR=Save.Base		EXPLANATION:D20 System - Sets a local Save base for each check in the system (Base is modified by Classes)
LOCAL:CHECK|VAR=Save.Stat		EXPLANATION:D20 System - Sets a local Save stat for each check in the system (Stat is the MOD value)
LOCAL:CHECK|VAR=Save.Bonus		EXPLANATION:D20 System - Sets a local Save bonus for each check in the system (Anything else affecting the save)
LOCAL:CHECK|VAR=Save.Racial		EXPLANATION:D20 System - Sets a local Save racial for each check in the system (Anything else affecting the save)


LOCAL:SKILL|VAR=MaxRank
LOCAL:SKILL|Rank
LOCAL:SKILL|Bonus
LOCAL:SKILL|Stat
LOCAL:SKILL|VAR=MaxRank.Mod


TL
LOCAL:CLASS|ECL

# Global Vars
AC.Total		
AC.Base		
AC.Ability		
AC.Size		
AC.ClassDefense	
AC.Misc		
AC.Flatfooted	
AC.Touch		


StrDamage		
LOADSCORE	
LoadScoreSizeMod	



# These are the Old Defines:
DisplayVersion
SpellCastingFeatCount
BasicCombatFeatCount
MeleeCombatFeatCount
RangedCombatFeatCount
UnarmedCombatFeatCount
ChanceFeatCount
CovertFeatCount
GearFeatCount
SkillFeatCount
SpeciesFeatCount
StyleFeatCount
TerrainFeatCount

Allowed_Rank
MinRank
Allowed_RankSpellcasting
Allowed_RankAcrobatics
Allowed_RankAthletics
Allowed_RankBlend
Allowed_RankBluff
Allowed_RankCrafting
Allowed_RankDisguise
Allowed_RankHaggle
Allowed_RankImpress
Allowed_RankIntimidate
Allowed_RankInvestigate
Allowed_RankMedicine
Allowed_RankNotice
Allowed_RankPrestidigitation
Allowed_RankResolve
Allowed_RankRide
Allowed_RankSearch
Allowed_RankSenseMotive
Allowed_RankSneak
Allowed_RankSurvival
Allowed_RankTactics
ProficiencyBowLvl
ProficiencyBluntLvl
ProficiencyEdgedLvl
ProficiencyHurledLvl
ProficiencyUnarmedLvl
ProficiencySiegeLvl
ProficiencyBlackPowderLvl
BiteGrade
ClawGrade
KickGrade
SlamGrade
TalonGrade
GoreGrade
SqueezeGrade
SwallowGrade
TailSlapGrade
TrampleGrade
I
II
III
IV
V
VI
VII
VIII
IX
X
LifestyleScore
Panache
Prudence
LifestyleTotal



DarkvisionLvl
NPCThreatLvl

ArcaneKnown	
SpellPoints	
Panache	
TotalCasterLvl

NormalMount	
ProficiencyCount
InterestCount
Min_Rank	
Allowed_Rank	
Mx_Rank	
Subrace	
Prudence	
HeroicRenown
BaseReach	
BonusSkillPts		
WoundPointSizeMod	
UseAlternateDamage

#BONUS:VAR|NormalMount|1
#BONUS:VAR|Mx_Rank|TL+12|TYPE=BASE	
#BONUS:VAR|Subrace|1|PREABILITY:1,CATEGORY=Internal,TYPE.SubraceChosen	
#BONUS:VAR|BaseReach|REACH.VAL
#BONUS:VAR|ArcaneKnown|WISSCORE+skillinfo("RANK","Spellcasting")	
#BONUS:MODSKILLPOINTS|NUMBER|INT+BonusSkillPts	
#BONUS:HP|BONUS|CON	
#BONUS:HP|ALTHP|WoundPointSizeMod	
#BONUS:VAR|UseAlternateDamage|1	

MasterAndCommanderLvl
MasterAndCommanderTacticsBonus
MasterAndCommanderFeatCount
BattlePlanningCount
BattlePlanningLvl
TakeCommandBonus
GiftsAndFavorsCityLvl
EloquenceCount
BookwormLvl
ExplorerFeatCount
	DEFINE:HeroicRenown|0
	DEFINE:MilitaryRenown|0
	DEFINE:NobleRenown|0
	DEFINE:RenownTotal|0
	DEFINE:ReputationScore|0
	DEFINE:BangResistanceBonus|0
	DEFINE:BluntResistanceBonus|0
	DEFINE:ColdResistanceBonus|0
	DEFINE:DivineResistanceBonus|0
	DEFINE:EdgedResistanceBonus|0
	DEFINE:ElectricalResistanceBonus|0
	DEFINE:FallingResistanceBonus|0
	DEFINE:FlashResistanceBonus|0
	DEFINE:FireResistanceBonus|0
	DEFINE:RangedResistanceBonus|0
	DEFINE:HeatResistanceBonus|0
	DEFINE:SpiritResistanceBonus|0
	DEFINE:EvasionLvl|0
	DEFINE:UncannyDodgeLvl|0
	DEFINE:ColdReadTimes|0
	DEFINE:QuickOnYourFeetTimes|0
	DEFINE:UnspokenNameBonus|0
	DEFINE:BurglarFeatCount|0
	DEFINE:TradeSecretsCount|0
	DEFINE:BrightIdeaTimes|0
	DEFINE:KeeperFeatCount|0
	DEFINE:MettleLvl|0
	DEFINE:MettleResolveRankBonus|0
	DEFINE:LancerFeatCount|0
	DEFINE:BredForWarBonus|0
	DEFINE:CircleOfPowerLvl|0
	DEFINE:ArcaneAdeptCount|0
	DEFINE:ArcaneMightCount|0
	DEFINE:SignsAndPortentsLvl|0
	DEFINE:PathOfTheDevotedStepLvl|0
	DEFINE:PriestFeatCount|0
	DEFINE:CrossTrainingCount|0
	DEFINE:RoughLivingBonus|0
	DEFINE:ScoutFeatCount|0
	DEFINE:SneakAttackDice|0
	DEFINE:SneakAttackSize|0
	DEFINE:FortunesOfWarLvl|0
	DEFINE:ArmorUseLvl|0

