# CVS $Revision: 22509 $ $Author: amaitland $ -- Tue Mar 13 22:54:25 2012 -- reformated by prettylst.pl v1.39 (build 15052)
SOURCELONG:Fantasy Craft	SOURCESHORT:FC	SOURCEDATE:2009-07
#Original Entry By: Crafty Games, Inc - courtesy of DragonDarkLord

Acrobatics.MOD	SITUATION:Jump			
Crafting.MOD	SITUATION:Carving		
Crafting.MOD	SITUATION:Carpentry		
Crafting.MOD	SITUATION:Chemistry		
Crafting.MOD	SITUATION:Cooking		
Crafting.MOD	SITUATION:Inscription		
Crafting.MOD	SITUATION:Metalworking		
Crafting.MOD	SITUATION:Pharmacy		
Crafting.MOD	SITUATION:Pottery		
Crafting.MOD	SITUATION:Stonecutting		
Crafting.MOD	SITUATION:Tailoring		


#Block: Untrained Items
# Skill Name			Key Stat	Untrained?		Classes	Type						Visible		Required Ability										Req. Rule (in options)		Prohibited Var. Value									Source Page		Bonus to skill								Bonus to skill rank
Untrained (Calm)			KEYSTAT:CHA	USEUNTRAINED:YES	CLASSES:ALL	TYPE:RestrictedAction.SkillUse	VISIBLE:EXPORT	PREABILITY:1,CATEGORY=Special Ability,Restricted Actions (Calm)
Untrained (Decipher)				USEUNTRAINED:YES	CLASSES:ALL	TYPE:RestrictedAction.SkillUse	VISIBLE:EXPORT	PREABILITY:1,CATEGORY=Special Ability,Restricted Actions (Decipher)
Untrained (Influence)		KEYSTAT:CHA	USEUNTRAINED:YES	CLASSES:ALL	TYPE:RestrictedAction.SkillUse	VISIBLE:EXPORT	PREABILITY:1,CATEGORY=Special Ability,Restricted Actions (Influence)
Untrained (Kick Attacks)			USEUNTRAINED:YES	CLASSES:ALL	TYPE:RestrictedAction.SkillUse	VISIBLE:EXPORT	PREABILITY:1,CATEGORY=Special Ability,Restricted Actions (Kick Attacks)
Untrained (Jump)			KEYSTAT:STR	USEUNTRAINED:YES	CLASSES:ALL	TYPE:RestrictedAction.SkillUse	VISIBLE:EXPORT	PREABILITY:1,CATEGORY=Special Ability,Restricted Actions (Jump)
Untrained (Swim)			KEYSTAT:STR	USEUNTRAINED:YES	CLASSES:ALL	TYPE:RestrictedAction.SkillUse	VISIBLE:EXPORT	PREABILITY:1,CATEGORY=Special Ability,Restricted Actions (Swim)
Untrained (Outmaneuver)		KEYSTAT:INT	USEUNTRAINED:YES	CLASSES:ALL	TYPE:RestrictedAction.SkillUse	VISIBLE:EXPORT	PREABILITY:1,CATEGORY=Special Ability,Restricted Actions (Outmaneuver)
Untrained (Tumble)		KEYSTAT:DEX	USEUNTRAINED:YES	CLASSES:ALL	TYPE:RestrictedAction.SkillUse	VISIBLE:EXPORT	PREABILITY:1,CATEGORY=Special Ability,Restricted Actions (Tumble)
