#SOURCELONG:Fantasy Craft	SOURCESHORT:FC	SOURCEDATE:2011-04
#Original Entry By: Crafty Games, Inc - courtesy of Dragon Dark Lord

SIZENAME:Nuisance		KEY:N	ABB:N	MODIFY:VAR=AC.Size|ADD|16	MODIFYOTHER:SKILL|Sneak|Bonus.Size|ADD|20	MODIFY:VAR=WoundPointSizeMod|SOLVE|CONSCORE*1/8
SIZENAME:Nuisance		MODIFY:VAR=BiteDamageDice|SET|1	MODIFY:VAR=BiteDamageSize|SET|4
SIZENAME:Nuisance		MODIFY:VAR=ClawDamageDice|SET|1	MODIFY:VAR=ClawDamageSize|SET|3
SIZENAME:Nuisance		MODIFY:VAR=KickDamageDice|SET|1	MODIFY:VAR=KickDamageSize|SET|3
SIZENAME:Nuisance		MODIFY:VAR=SlamDamageDice|SET|1	MODIFY:VAR=SlamDamageSize|SET|3
SIZENAME:Nuisance		MODIFY:VAR=TalonDamageDice|SET|1	MODIFY:VAR=TalonDamageSize|SET|3
SIZENAME:Nuisance		MODIFY:VAR=GoreDamageDice|SET|1	MODIFY:VAR=GoreDamageSize|SET|3
SIZENAME:Nuisance		MODIFY:VAR=SqueezeDamageDice|SET|1	MODIFY:VAR=SqueezeDamageSize|SET|6
SIZENAME:Nuisance		MODIFY:VAR=SwallowDamageDice|SET|1	MODIFY:VAR=SwallowDamageSize|SET|6
SIZENAME:Nuisance		MODIFY:VAR=TailDamageDice|SET|1	MODIFY:VAR=TailDamageSize|SET|4
SIZENAME:Nuisance		MODIFY:VAR=TentacleDamageDice|SET|1	MODIFY:VAR=TentacleDamageSize|SET|4
SIZENAME:Nuisance		MODIFY:VAR=TrampleDamageDice|SET|1	MODIFY:VAR=TrampleDamageSize|SET|4
#
SIZENAME:Fine		KEY:F	ABB:F	MODIFY:VAR=AC.Size|ADD|8	MODIFYOTHER:SKILL|Sneak|Bonus.Size|ADD|16	MODIFY:VAR=WoundPointSizeMod|SOLVE|CONSCORE*1/4
SIZENAME:Fine		MODIFY:VAR=BiteDamageDice|SET|1	MODIFY:VAR=BiteDamageSize|SET|4
SIZENAME:Fine		MODIFY:VAR=ClawDamageDice|SET|1	MODIFY:VAR=ClawDamageSize|SET|3
SIZENAME:Fine		MODIFY:VAR=KickDamageDice|SET|1	MODIFY:VAR=KickDamageSize|SET|3
SIZENAME:Fine		MODIFY:VAR=SlamDamageDice|SET|1	MODIFY:VAR=SlamDamageSize|SET|3
SIZENAME:Fine		MODIFY:VAR=TalonDamageDice|SET|1	MODIFY:VAR=TalonDamageSize|SET|3
SIZENAME:Fine		MODIFY:VAR=GoreDamageDice|SET|1	MODIFY:VAR=GoreDamageSize|SET|3
SIZENAME:Fine		MODIFY:VAR=SqueezeDamageDice|SET|1	MODIFY:VAR=SqueezeDamageSize|SET|6
SIZENAME:Fine		MODIFY:VAR=SwallowDamageDice|SET|1	MODIFY:VAR=SwallowDamageSize|SET|6
SIZENAME:Fine		MODIFY:VAR=TailDamageDice|SET|1	MODIFY:VAR=TailDamageSize|SET|4
SIZENAME:Fine		MODIFY:VAR=TentacleDamageDice|SET|1	MODIFY:VAR=TentacleDamageSize|SET|4
SIZENAME:Fine		MODIFY:VAR=TrampleDamageDice|SET|1	MODIFY:VAR=TrampleDamageSize|SET|4
#
SIZENAME:Diminutive	KEY:D	ABB:D	MODIFY:VAR=AC.Size|ADD|4	MODIFYOTHER:SKILL|Sneak|Bonus.Size|ADD|12	MODIFY:VAR=WoundPointSizeMod|SOLVE|CONSCORE*1/3
SIZENAME:Diminutive	MODIFY:VAR=BiteDamageDice|SET|1	MODIFY:VAR=BiteDamageSize|SET|4
SIZENAME:Diminutive	MODIFY:VAR=ClawDamageDice|SET|1	MODIFY:VAR=ClawDamageSize|SET|3
SIZENAME:Diminutive	MODIFY:VAR=KickDamageDice|SET|1	MODIFY:VAR=KickDamageSize|SET|3
SIZENAME:Diminutive	MODIFY:VAR=SlamDamageDice|SET|1	MODIFY:VAR=SlamDamageSize|SET|3
SIZENAME:Diminutive	MODIFY:VAR=TalonDamageDice|SET|1	MODIFY:VAR=TalonDamageSize|SET|3
SIZENAME:Diminutive	MODIFY:VAR=GoreDamageDice|SET|1	MODIFY:VAR=GoreDamageSize|SET|3
SIZENAME:Diminutive	MODIFY:VAR=SqueezeDamageDice|SET|1	MODIFY:VAR=SqueezeDamageSize|SET|6
SIZENAME:Diminutive	MODIFY:VAR=SwallowDamageDice|SET|1	MODIFY:VAR=SwallowDamageSize|SET|6
SIZENAME:Diminutive	MODIFY:VAR=TailDamageDice|SET|1	MODIFY:VAR=TailDamageSize|SET|4
SIZENAME:Diminutive	MODIFY:VAR=TentacleDamageDice|SET|1	MODIFY:VAR=TentacleDamageSize|SET|4
SIZENAME:Diminutive	MODIFY:VAR=TrampleDamageDice|SET|1	MODIFY:VAR=TrampleDamageSize|SET|4
#
SIZENAME:Tiny		KEY:T	ABB:T	MODIFY:VAR=AC.Size|ADD|2	MODIFYOTHER:SKILL|Sneak|Bonus.Size|ADD|8	MODIFY:VAR=WoundPointSizeMod|SOLVE|CONSCORE*1/2
SIZENAME:Tiny		MODIFY:VAR=BiteDamageDice|SET|1	MODIFY:VAR=BiteDamageSize|SET|4
SIZENAME:Tiny		MODIFY:VAR=ClawDamageDice|SET|1	MODIFY:VAR=ClawDamageSize|SET|3
SIZENAME:Tiny		MODIFY:VAR=KickDamageDice|SET|1	MODIFY:VAR=KickDamageSize|SET|3
SIZENAME:Tiny		MODIFY:VAR=SlamDamageDice|SET|1	MODIFY:VAR=SlamDamageSize|SET|3
SIZENAME:Tiny		MODIFY:VAR=TalonDamageDice|SET|1	MODIFY:VAR=TalonDamageSize|SET|3
SIZENAME:Tiny		MODIFY:VAR=GoreDamageDice|SET|1	MODIFY:VAR=GoreDamageSize|SET|3
SIZENAME:Tiny		MODIFY:VAR=SqueezeDamageDice|SET|1	MODIFY:VAR=SqueezeDamageSize|SET|6
SIZENAME:Tiny		MODIFY:VAR=SwallowDamageDice|SET|1	MODIFY:VAR=SwallowDamageSize|SET|6
SIZENAME:Tiny		MODIFY:VAR=TailDamageDice|SET|1	MODIFY:VAR=TailDamageSize|SET|4
SIZENAME:Tiny		MODIFY:VAR=TentacleDamageDice|SET|1	MODIFY:VAR=TentacleDamageSize|SET|4
SIZENAME:Tiny		MODIFY:VAR=TrampleDamageDice|SET|1	MODIFY:VAR=TrampleDamageSize|SET|4
#
SIZENAME:Small		KEY:S	ABB:S	MODIFY:VAR=AC.Size|ADD|1	MODIFYOTHER:SKILL|Sneak|Bonus.Size|ADD|4	MODIFY:VAR=WoundPointSizeMod|SOLVE|CONSCORE*2/3
SIZENAME:Small		MODIFY:VAR=BiteDamageDice|SET|1	MODIFY:VAR=BiteDamageSize|SET|6
SIZENAME:Small		MODIFY:VAR=ClawDamageDice|SET|1	MODIFY:VAR=ClawDamageSize|SET|4
SIZENAME:Small		MODIFY:VAR=KickDamageDice|SET|1	MODIFY:VAR=KickDamageSize|SET|4
SIZENAME:Small		MODIFY:VAR=SlamDamageDice|SET|1	MODIFY:VAR=SlamDamageSize|SET|4
SIZENAME:Small		MODIFY:VAR=TalonDamageDice|SET|1	MODIFY:VAR=TalonDamageSize|SET|4
SIZENAME:Small		MODIFY:VAR=GoreDamageDice|SET|1	MODIFY:VAR=GoreDamageSize|SET|4
SIZENAME:Small		MODIFY:VAR=SqueezeDamageDice|SET|1	MODIFY:VAR=SqueezeDamageSize|SET|8
SIZENAME:Small		MODIFY:VAR=SwallowDamageDice|SET|1	MODIFY:VAR=SwallowDamageSize|SET|8
SIZENAME:Small		MODIFY:VAR=TailDamageDice|SET|1	MODIFY:VAR=TailDamageSize|SET|6
SIZENAME:Small		MODIFY:VAR=TentacleDamageDice|SET|1	MODIFY:VAR=TentacleDamageSize|SET|6
SIZENAME:Small		MODIFY:VAR=TrampleDamageDice|SET|1	MODIFY:VAR=TrampleDamageSize|SET|6
#
SIZENAME:Medium		KEY:M	ABB:M		ISDEFAULTSIZE:Y		MODIFY:VAR=WoundPointSizeMod|SOLVE|CONSCORE
SIZENAME:Medium		MODIFY:VAR=BiteDamageDice|SET|1	MODIFY:VAR=BiteDamageSize|SET|8
SIZENAME:Medium		MODIFY:VAR=ClawDamageDice|SET|1	MODIFY:VAR=ClawDamageSize|SET|6
SIZENAME:Medium		MODIFY:VAR=KickDamageDice|SET|1	MODIFY:VAR=KickDamageSize|SET|6
SIZENAME:Medium		MODIFY:VAR=SlamDamageDice|SET|1	MODIFY:VAR=SlamDamageSize|SET|6
SIZENAME:Medium		MODIFY:VAR=TalonDamageDice|SET|1	MODIFY:VAR=TalonDamageSize|SET|6
SIZENAME:Medium		MODIFY:VAR=GoreDamageDice|SET|1	MODIFY:VAR=GoreDamageSize|SET|6
SIZENAME:Medium		MODIFY:VAR=SqueezeDamageDice|SET|1	MODIFY:VAR=SqueezeDamageSize|SET|10
SIZENAME:Medium		MODIFY:VAR=SwallowDamageDice|SET|1	MODIFY:VAR=SwallowDamageSize|SET|10
SIZENAME:Medium		MODIFY:VAR=TailDamageDice|SET|1	MODIFY:VAR=TailDamageSize|SET|8
SIZENAME:Medium		MODIFY:VAR=TentacleDamageDice|SET|1	MODIFY:VAR=TentacleDamageSize|SET|8
SIZENAME:Medium		MODIFY:VAR=TrampleDamageDice|SET|1	MODIFY:VAR=TrampleDamageSize|SET|8
#
SIZENAME:Large		KEY:L	ABB:L	MODIFY:VAR=AC.Size|ADD|-1	MODIFYOTHER:SKILL|Sneak|Bonus.Size|ADD|-4	MODIFY:VAR=WoundPointSizeMod|SOLVE|CONSCORE+(CONSCORE*1/2)
SIZENAME:Large		MODIFY:VAR=BiteDamageDice|SET|1	MODIFY:VAR=BiteDamageSize|SET|10
SIZENAME:Large		MODIFY:VAR=ClawDamageDice|SET|1	MODIFY:VAR=ClawDamageSize|SET|8
SIZENAME:Large		MODIFY:VAR=KickDamageDice|SET|1	MODIFY:VAR=KickDamageSize|SET|8
SIZENAME:Large		MODIFY:VAR=SlamDamageDice|SET|1	MODIFY:VAR=SlamDamageSize|SET|8
SIZENAME:Large		MODIFY:VAR=TalonDamageDice|SET|1	MODIFY:VAR=TalonDamageSize|SET|8
SIZENAME:Large		MODIFY:VAR=GoreDamageDice|SET|1	MODIFY:VAR=GoreDamageSize|SET|8
SIZENAME:Large		MODIFY:VAR=SqueezeDamageDice|SET|1	MODIFY:VAR=SqueezeDamageSize|SET|12
SIZENAME:Large		MODIFY:VAR=SwallowDamageDice|SET|1	MODIFY:VAR=SwallowDamageSize|SET|12
SIZENAME:Large		MODIFY:VAR=TailDamageDice|SET|1	MODIFY:VAR=TailDamageSize|SET|10
SIZENAME:Large		MODIFY:VAR=TentacleDamageDice|SET|1	MODIFY:VAR=TentacleDamageSize|SET|10
SIZENAME:Large		MODIFY:VAR=TrampleDamageDice|SET|1	MODIFY:VAR=TrampleDamageSize|SET|10
#
SIZENAME:Huge		KEY:H	ABB:H	MODIFY:VAR=AC.Size|ADD|-2	MODIFYOTHER:SKILL|Sneak|Bonus.Size|ADD|-8	MODIFY:VAR=WoundPointSizeMod|SOLVE|CONSCORE*2
SIZENAME:Huge		MODIFY:VAR=BiteDamageDice|SET|1	MODIFY:VAR=BiteDamageSize|SET|12
SIZENAME:Huge		MODIFY:VAR=ClawDamageDice|SET|1	MODIFY:VAR=ClawDamageSize|SET|10
SIZENAME:Huge		MODIFY:VAR=KickDamageDice|SET|1	MODIFY:VAR=KickDamageSize|SET|10
SIZENAME:Huge		MODIFY:VAR=SlamDamageDice|SET|1	MODIFY:VAR=SlamDamageSize|SET|10
SIZENAME:Huge		MODIFY:VAR=TalonDamageDice|SET|1	MODIFY:VAR=TalonDamageSize|SET|10
SIZENAME:Huge		MODIFY:VAR=GoreDamageDice|SET|1	MODIFY:VAR=GoreDamageSize|SET|10
SIZENAME:Huge		MODIFY:VAR=SqueezeDamageDice|SET|2	MODIFY:VAR=SqueezeDamageSize|SET|8
SIZENAME:Huge		MODIFY:VAR=SwallowDamageDice|SET|2	MODIFY:VAR=SwallowDamageSize|SET|8
SIZENAME:Huge		MODIFY:VAR=TailDamageDice|SET|1	MODIFY:VAR=TailDamageSize|SET|12
SIZENAME:Huge		MODIFY:VAR=TentacleDamageDice|SET|1	MODIFY:VAR=TentacleDamageSize|SET|12
SIZENAME:Huge		MODIFY:VAR=TrampleDamageDice|SET|1	MODIFY:VAR=TrampleDamageSize|SET|12
#
SIZENAME:Gargantuan	KEY:G	ABB:G	MODIFY:VAR=AC.Size|ADD|-4	MODIFYOTHER:SKILL|Sneak|Bonus.Size|ADD|-12	MODIFY:VAR=WoundPointSizeMod|SOLVE|CONSCORE*3
SIZENAME:Gargantuan	MODIFY:VAR=BiteDamageDice|SET|1	MODIFY:VAR=BiteDamageSize|SET|12
SIZENAME:Gargantuan	MODIFY:VAR=ClawDamageDice|SET|1	MODIFY:VAR=ClawDamageSize|SET|10
SIZENAME:Gargantuan	MODIFY:VAR=KickDamageDice|SET|1	MODIFY:VAR=KickDamageSize|SET|10
SIZENAME:Gargantuan	MODIFY:VAR=SlamDamageDice|SET|1	MODIFY:VAR=SlamDamageSize|SET|10
SIZENAME:Gargantuan	MODIFY:VAR=TalonDamageDice|SET|1	MODIFY:VAR=TalonDamageSize|SET|10
SIZENAME:Gargantuan	MODIFY:VAR=GoreDamageDice|SET|1	MODIFY:VAR=GoreDamageSize|SET|10
SIZENAME:Gargantuan	MODIFY:VAR=SqueezeDamageDice|SET|2	MODIFY:VAR=SqueezeDamageSize|SET|8
SIZENAME:Gargantuan	MODIFY:VAR=SwallowDamageDice|SET|2	MODIFY:VAR=SwallowDamageSize|SET|8
SIZENAME:Gargantuan	MODIFY:VAR=TailDamageDice|SET|1	MODIFY:VAR=TailDamageSize|SET|12
SIZENAME:Gargantuan	MODIFY:VAR=TentacleDamageDice|SET|1	MODIFY:VAR=TentacleDamageSize|SET|12
SIZENAME:Gargantuan	MODIFY:VAR=TrampleDamageDice|SET|1	MODIFY:VAR=TrampleDamageSize|SET|12
#
SIZENAME:Colossal		KEY:C	ABB:C	MODIFY:VAR=AC.Size|ADD|-8	MODIFYOTHER:SKILL|Sneak|Bonus.Size|ADD|-16	MODIFY:VAR=WoundPointSizeMod|SOLVE|CONSCORE*4
SIZENAME:Colossal		MODIFY:VAR=BiteDamageDice|SET|2	MODIFY:VAR=BiteDamageSize|SET|8
SIZENAME:Colossal		MODIFY:VAR=ClawDamageDice|SET|1	MODIFY:VAR=ClawDamageSize|SET|12
SIZENAME:Colossal		MODIFY:VAR=KickDamageDice|SET|1	MODIFY:VAR=KickDamageSize|SET|12
SIZENAME:Colossal		MODIFY:VAR=SlamDamageDice|SET|1	MODIFY:VAR=SlamDamageSize|SET|12
SIZENAME:Colossal		MODIFY:VAR=TalonDamageDice|SET|1	MODIFY:VAR=TalonDamageSize|SET|12
SIZENAME:Colossal		MODIFY:VAR=GoreDamageDice|SET|1	MODIFY:VAR=GoreDamageSize|SET|12
SIZENAME:Colossal		MODIFY:VAR=SqueezeDamageDice|SET|2	MODIFY:VAR=SqueezeDamageSize|SET|10
SIZENAME:Colossal		MODIFY:VAR=SwallowDamageDice|SET|2	MODIFY:VAR=SwallowDamageSize|SET|10
SIZENAME:Colossal		MODIFY:VAR=TailDamageDice|SET|2	MODIFY:VAR=TailDamageSize|SET|8
SIZENAME:Colossal		MODIFY:VAR=TentacleDamageDice|SET|2	MODIFY:VAR=TentacleDamageSize|SET|8
SIZENAME:Colossal		MODIFY:VAR=TrampleDamageDice|SET|2	MODIFY:VAR=TrampleDamageSize|SET|8
#
SIZENAME:Enormous		KEY:E	ABB:E	MODIFY:VAR=AC.Size|ADD|-16	MODIFYOTHER:SKILL|Sneak|Bonus.Size|ADD|-20	MODIFY:VAR=WoundPointSizeMod|SOLVE|CONSCORE*5
SIZENAME:Enormous		MODIFY:VAR=BiteDamageDice|SET|2	MODIFY:VAR=BiteDamageSize|SET|8
SIZENAME:Enormous		MODIFY:VAR=ClawDamageDice|SET|1	MODIFY:VAR=ClawDamageSize|SET|12
SIZENAME:Enormous		MODIFY:VAR=KickDamageDice|SET|1	MODIFY:VAR=KickDamageSize|SET|12
SIZENAME:Enormous		MODIFY:VAR=SlamDamageDice|SET|1	MODIFY:VAR=SlamDamageSize|SET|12
SIZENAME:Enormous		MODIFY:VAR=TalonDamageDice|SET|1	MODIFY:VAR=TalonDamageSize|SET|12
SIZENAME:Enormous		MODIFY:VAR=GoreDamageDice|SET|1	MODIFY:VAR=GoreDamageSize|SET|12
SIZENAME:Enormous		MODIFY:VAR=SqueezeDamageDice|SET|2	MODIFY:VAR=SqueezeDamageSize|SET|10
SIZENAME:Enormous		MODIFY:VAR=SwallowDamageDice|SET|2	MODIFY:VAR=SwallowDamageSize|SET|10
SIZENAME:Enormous		MODIFY:VAR=TailDamageDice|SET|2	MODIFY:VAR=TailDamageSize|SET|8
SIZENAME:Enormous		MODIFY:VAR=TentacleDamageDice|SET|2	MODIFY:VAR=TentacleDamageSize|SET|8
SIZENAME:Enormous		MODIFY:VAR=TrampleDamageDice|SET|2	MODIFY:VAR=TrampleDamageSize|SET|8
#
SIZENAME:Vast		KEY:V	ABB:V	MODIFY:VAR=AC.Size|ADD|-32	MODIFYOTHER:SKILL|Sneak|Bonus.Size|ADD|-24	MODIFY:VAR=WoundPointSizeMod|SOLVE|CONSCORE*6
SIZENAME:Vast		MODIFY:VAR=BiteDamageDice|SET|2	MODIFY:VAR=BiteDamageSize|SET|8
SIZENAME:Vast		MODIFY:VAR=ClawDamageDice|SET|1	MODIFY:VAR=ClawDamageSize|SET|12
SIZENAME:Vast		MODIFY:VAR=KickDamageDice|SET|1	MODIFY:VAR=KickDamageSize|SET|12
SIZENAME:Vast		MODIFY:VAR=SlamDamageDice|SET|1	MODIFY:VAR=SlamDamageSize|SET|12
SIZENAME:Vast		MODIFY:VAR=TalonDamageDice|SET|1	MODIFY:VAR=TalonDamageSize|SET|12
SIZENAME:Vast		MODIFY:VAR=GoreDamageDice|SET|1	MODIFY:VAR=GoreDamageSize|SET|12
SIZENAME:Vast		MODIFY:VAR=SqueezeDamageDice|SET|2	MODIFY:VAR=SqueezeDamageSize|SET|10
SIZENAME:Vast		MODIFY:VAR=SwallowDamageDice|SET|2	MODIFY:VAR=SwallowDamageSize|SET|10
SIZENAME:Vast		MODIFY:VAR=TailDamageDice|SET|2	MODIFY:VAR=TailDamageSize|SET|8
SIZENAME:Vast		MODIFY:VAR=TentacleDamageDice|SET|2	MODIFY:VAR=TentacleDamageSize|SET|8
SIZENAME:Vast		MODIFY:VAR=TrampleDamageDice|SET|2	MODIFY:VAR=TrampleDamageSize|SET|8

#
# END
#

SIZENAME:Nuisance	MODIFY:VAR=LoadScoreSizeMod|ADD|-10


#
SIZENAME:Fine		BONUS:ITEMCOST|TYPE=Ammunition,TYPE=Armor,TYPE=Shield,TYPE=Weapon|0.5
SIZENAME:Fine		BONUS:ITEMWEIGHT|TYPE=Ammunition,TYPE=Armor,TYPE=Shield,TYPE=Weapon|0.1	BONUS:ITEMWEIGHT|TYPE=Goods|0.25
#SIZENAME:Fine		BONUS:ACVALUE|TYPE.Armor,TYPE.Shield|0.5	MODIFY:VAR=AC.Size|ADD|8	BONUS:COMBAT|TOHIT|8	BONUS:COMBAT|TOHIT.GRAPPLE|-24
SIZENAME:Fine		BONUS:ITEMCAPACITY|TYPE=Goods|0.25
SIZENAME:Fine		BONUS:LOADMULT|0.125|PRELEGSGTEQ:4	MODIFY:VAR=LoadScoreSizeMod|ADD|-8
#
SIZENAME:Diminutive	BONUS:ITEMCOST|TYPE=Ammunition,TYPE=Armor,TYPE=Shield,TYPE=Weapon|0.5
SIZENAME:Diminutive	BONUS:ITEMWEIGHT|TYPE=Ammunition,TYPE=Armor,TYPE=Shield,TYPE=Weapon|0.1	BONUS:ITEMWEIGHT|TYPE=Goods|0.25
#SIZENAME:Diminutive	BONUS:ACVALUE|TYPE.Armor,TYPE.Shield|0.5	MODIFY:VAR=AC.Size|ADD|4	BONUS:COMBAT|TOHIT|4	BONUS:COMBAT|TOHIT.GRAPPLE|-16
SIZENAME:Diminutive	BONUS:ITEMCAPACITY|TYPE=Goods|0.25
#SIZENAME:Diminutive	BONUS:SKILL|Hide|12	BONUS:SKILL|Stealth (Hide)|12
SIZENAME:Diminutive	BONUS:LOADMULT|0.25|PRELEGSGTEQ:4	MODIFY:VAR=LoadScoreSizeMod|ADD|-6
SIZENAME:Diminutive	BONUS:STAT|DEX|-2|PREBASESIZEEQ:Fine

#
SIZENAME:Tiny		BONUS:ITEMCOST|TYPE=Ammunition,TYPE=Armor,TYPE=Shield,TYPE=Weapon|0.5
SIZENAME:Tiny		BONUS:ITEMWEIGHT|TYPE=Ammunition,TYPE=Armor,TYPE=Shield,TYPE=Weapon|0.1	BONUS:ITEMWEIGHT|TYPE=Goods|0.25
#SIZENAME:Tiny		BONUS:ACVALUE|TYPE.Armor,TYPE.Shield|0.5	MODIFY:VAR=AC.Size|ADD|2	BONUS:COMBAT|TOHIT|2	BONUS:COMBAT|TOHIT.GRAPPLE|-10
SIZENAME:Tiny		BONUS:ITEMCAPACITY|TYPE=Goods|0.25
#SIZENAME:Tiny		BONUS:SKILL|Hide|8	BONUS:SKILL|Stealth (Hide)|8
SIZENAME:Tiny		BONUS:LOADMULT|0.25|PRELEGSGTEQ:4	MODIFY:VAR=LoadScoreSizeMod|ADD|-4
SIZENAME:Tiny		BONUS:STAT|STR|2|PREBASESIZELT:Tiny
SIZENAME:Tiny		BONUS:STAT|DEX|-2|PREBASESIZEEQ:Fine	BONUS:STAT|DEX|-2|PREBASESIZELT:Tiny

SIZENAME:Small		BONUS:ITEMCOST|TYPE=Ammunition,TYPE=Armor,TYPE=Shield,TYPE=Weapon|1
SIZENAME:Small		BONUS:ITEMWEIGHT|TYPE=Ammunition,TYPE=Armor,TYPE=Shield,TYPE=Weapon|0.5	BONUS:ITEMWEIGHT|TYPE=Goods|0.25
#SIZENAME:Small		BONUS:ACVALUE|TYPE.Armor,TYPE.Shield|1	MODIFY:VAR=AC.Size|ADD|1	BONUS:COMBAT|TOHIT|1	BONUS:COMBAT|TOHIT.GRAPPLE|-5
SIZENAME:Small		BONUS:ITEMCAPACITY|TYPE=Goods|0.25
#SIZENAME:Small		BONUS:SKILL|Hide|4	BONUS:SKILL|Stealth (Hide)|4
SIZENAME:Small		BONUS:LOADMULT|0.25|PRELEGSGTEQ:4	MODIFY:VAR=LoadScoreSizeMod|ADD|-2
SIZENAME:Small		BONUS:STAT|STR|2|PREBASESIZELT:Tiny		BONUS:STAT|STR|4|PREBASESIZELT:Small
SIZENAME:Small		BONUS:STAT|DEX|-2|PREBASESIZEEQ:Fine	BONUS:STAT|DEX|-2|PREBASESIZELT:Tiny	BONUS:STAT|DEX|-2|PREBASESIZELT:Small
#
SIZENAME:Medium		BONUS:ITEMCOST|TYPE=Ammunition,TYPE=Armor,TYPE=Shield,TYPE=Weapon|1
SIZENAME:Medium		BONUS:ITEMWEIGHT|TYPE=Ammunition,TYPE=Armor,TYPE=Shield,TYPE=Weapon|1	BONUS:ITEMWEIGHT|TYPE=Goods|1
#SIZENAME:Medium		BONUS:ACVALUE|TYPE.Armor,TYPE.Shield|1
SIZENAME:Medium		BONUS:ITEMCAPACITY|TYPE=Goods|1	ISDEFAULTSIZE:Y
SIZENAME:Medium		BONUS:LOADMULT|0.5|PRELEGSGTEQ:4
SIZENAME:Medium		BONUS:STAT|STR|2|PREBASESIZELT:Tiny		BONUS:STAT|STR|4|PREBASESIZELT:Small	BONUS:STAT|STR|4|PREBASESIZELT:Medium
SIZENAME:Medium		BONUS:STAT|DEX|-2|PREBASESIZEEQ:Fine	BONUS:STAT|DEX|-2|PREBASESIZELT:Tiny	BONUS:STAT|DEX|-2|PREBASESIZELT:Small	BONUS:STAT|DEX|-2|PREBASESIZELT:Medium
SIZENAME:Medium		BONUS:STAT|CON|2|PREBASESIZELT:Medium
#
SIZENAME:Large		BONUS:ITEMCOST|TYPE=Ammunition,TYPE=Armor,TYPE=Shield,TYPE=Weapon|2
SIZENAME:Large		BONUS:ITEMWEIGHT|TYPE=Ammunition,TYPE=Armor,TYPE=Shield,TYPE=Weapon|2	BONUS:ITEMWEIGHT|TYPE=Goods|1
SIZENAME:Large		BONUS:ITEMCAPACITY|TYPE=Goods|1
#SIZENAME:Large		BONUS:SKILL|Hide|-4	BONUS:SKILL|Stealth (Hide)|-4
#SIZENAME:Large		BONUS:ACVALUE|TYPE.Armor,TYPE.Shield|1	MODIFY:VAR=AC.Size|ADD|-1	BONUS:COMBAT|TOHIT|-1	BONUS:COMBAT|TOHIT.GRAPPLE|5
SIZENAME:Large		BONUS:LOADMULT|1|PRELEGSGTEQ:4	MODIFY:VAR=LoadScoreSizeMod|ADD|5
SIZENAME:Large		MODIFY:VAR=AC.Size|ADD|2|PREBASESIZELTEQ:Medium|TYPE=NaturalArmor.STACK
SIZENAME:Large		BONUS:STAT|STR|2|PREBASESIZELT:Tiny		BONUS:STAT|STR|4|PREBASESIZELT:Small	BONUS:STAT|STR|4|PREBASESIZELT:Medium	BONUS:STAT|STR|8|PREBASESIZELT:Large
SIZENAME:Large		BONUS:STAT|DEX|-2|PREBASESIZEEQ:Fine	BONUS:STAT|DEX|-2|PREBASESIZELT:Tiny	BONUS:STAT|DEX|-2|PREBASESIZELT:Small	BONUS:STAT|DEX|-2|PREBASESIZELT:Medium	BONUS:STAT|DEX|-2|PREBASESIZELT:Large
SIZENAME:Large		BONUS:STAT|CON|2|PREBASESIZELT:Medium	BONUS:STAT|CON|4|PREBASESIZELT:Large

#
SIZENAME:Huge		BONUS:ITEMCOST|TYPE=Ammunition,TYPE=Armor,TYPE=Shield,TYPE=Weapon|4
SIZENAME:Huge		BONUS:ITEMWEIGHT|TYPE=Ammunition,TYPE=Armor,TYPE=Shield,TYPE=Weapon|5	BONUS:ITEMWEIGHT|TYPE=Goods|1
SIZENAME:Huge		BONUS:ACVALUE|TYPE.Armor,TYPE.Shield|1	MODIFY:VAR=AC.Size|ADD|-2	BONUS:COMBAT|TOHIT|-2	BONUS:COMBAT|TOHIT.GRAPPLE|10
SIZENAME:Huge		BONUS:ITEMCAPACITY|TYPE=Goods|1
#SIZENAME:Huge		BONUS:SKILL|Hide|-8	BONUS:SKILL|Stealth (Hide)|-8
SIZENAME:Huge		BONUS:LOADMULT|2|PRELEGSGTEQ:4	MODIFY:VAR=LoadScoreSizeMod|ADD|10
SIZENAME:Huge		MODIFY:VAR=AC.Size|ADD|2|PREBASESIZELTEQ:Medium|TYPE=NaturalArmor.STACK		MODIFY:VAR=AC.Size|ADD|3|PREBASESIZELTEQ:Large|TYPE=NaturalArmor.STACK
SIZENAME:Huge		BONUS:STAT|STR|2|PREBASESIZELT:Tiny		BONUS:STAT|STR|4|PREBASESIZELT:Small	BONUS:STAT|STR|4|PREBASESIZELT:Medium	BONUS:STAT|STR|8|PREBASESIZELT:Large	BONUS:STAT|STR|8|PREBASESIZELT:Huge
SIZENAME:Huge		BONUS:STAT|DEX|-2|PREBASESIZEEQ:Fine	BONUS:STAT|DEX|-2|PREBASESIZELT:Tiny	BONUS:STAT|DEX|-2|PREBASESIZELT:Small	BONUS:STAT|DEX|-2|PREBASESIZELT:Medium	BONUS:STAT|DEX|-2|PREBASESIZELT:Large	BONUS:STAT|DEX|-2|PREBASESIZELT:Huge
SIZENAME:Huge		BONUS:STAT|CON|2|PREBASESIZELT:Medium	BONUS:STAT|CON|4|PREBASESIZELT:Large	BONUS:STAT|CON|4|PREBASESIZELT:Huge
#
SIZENAME:Gargantuan	BONUS:ITEMCOST|TYPE=Ammunition,TYPE=Armor,TYPE=Shield,TYPE=Weapon|8
SIZENAME:Gargantuan	BONUS:ITEMWEIGHT|TYPE=Ammunition,TYPE=Armor,TYPE=Shield,TYPE=Weapon|8	BONUS:ITEMWEIGHT|TYPE=Goods|1
SIZENAME:Gargantuan	BONUS:ACVALUE|TYPE.Armor,TYPE.Shield|1	MODIFY:VAR=AC.Size|ADD|-4	BONUS:COMBAT|TOHIT|-4	BONUS:COMBAT|TOHIT.GRAPPLE|16
SIZENAME:Gargantuan	BONUS:ITEMCAPACITY|TYPE=Goods|1
#SIZENAME:Gargantuan	BONUS:SKILL|Hide|-12	BONUS:SKILL|Stealth (Hide)|-12
SIZENAME:Gargantuan	BONUS:LOADMULT|4|PRELEGSGTEQ:4	MODIFY:VAR=LoadScoreSizeMod|ADD|15
SIZENAME:Gargantuan	MODIFY:VAR=AC.Size|ADD|2|PREBASESIZELTEQ:Medium|TYPE=NaturalArmor.STACK				MODIFY:VAR=AC.Size|ADD|3|PREBASESIZELTEQ:Large|TYPE=NaturalArmor.STACK		MODIFY:VAR=AC.Size|ADD|4|PREBASESIZELTEQ:Huge|TYPE=NaturalArmor.STACK
SIZENAME:Gargantuan	BONUS:STAT|STR|2|PREBASESIZELT:Tiny		BONUS:STAT|STR|4|PREBASESIZELT:Small	BONUS:STAT|STR|4|PREBASESIZELT:Medium	BONUS:STAT|STR|8|PREBASESIZELT:Large	BONUS:STAT|STR|8|PREBASESIZELT:Huge		BONUS:STAT|STR|8|PREBASESIZELT:Gargantuan
SIZENAME:Gargantuan	BONUS:STAT|DEX|-2|PREBASESIZEEQ:Fine	BONUS:STAT|DEX|-2|PREBASESIZELT:Tiny	BONUS:STAT|DEX|-2|PREBASESIZELT:Small	BONUS:STAT|DEX|-2|PREBASESIZELT:Medium	BONUS:STAT|DEX|-2|PREBASESIZELT:Large	BONUS:STAT|DEX|-2|PREBASESIZELT:Huge
SIZENAME:Gargantuan	BONUS:STAT|CON|2|PREBASESIZELT:Medium	BONUS:STAT|CON|4|PREBASESIZELT:Large	BONUS:STAT|CON|4|PREBASESIZELT:Huge		BONUS:STAT|CON|4|PREBASESIZELT:Gargantuan
#
SIZENAME:Colossal		BONUS:ITEMCOST|TYPE=Ammunition,TYPE=Armor,TYPE=Shield,TYPE=Weapon|16
SIZENAME:Colossal		BONUS:ITEMWEIGHT|TYPE=Ammunition,TYPE=Armor,TYPE=Shield,TYPE=Weapon|12	BONUS:ITEMWEIGHT|TYPE=Goods|1
SIZENAME:Colossal		BONUS:ACVALUE|TYPE.Armor,TYPE.Shield|1	MODIFY:VAR=AC.Size|ADD|-8	BONUS:COMBAT|TOHIT|-8	BONUS:COMBAT|TOHIT.GRAPPLE|24
SIZENAME:Colossal		BONUS:ITEMCAPACITY|TYPE=Goods|1
#SIZENAME:Colossal		BONUS:SKILL|Hide|-16	BONUS:SKILL|Stealth (Hide)|-16
SIZENAME:Colossal		BONUS:LOADMULT|8|PRELEGSGTEQ:4	MODIFY:VAR=LoadScoreSizeMod|ADD|20
SIZENAME:Colossal		MODIFY:VAR=AC.Size|ADD|2|PREBASESIZELTEQ:Medium|TYPE=NaturalArmor.STACK		MODIFY:VAR=AC.Size|ADD|3|PREBASESIZELTEQ:Large|TYPE=NaturalArmor.STACK		MODIFY:VAR=AC.Size|ADD|4|PREBASESIZELTEQ:Huge|TYPE=NaturalArmor.STACK		MODIFY:VAR=AC.Size|ADD|5|PREBASESIZELTEQ:Gargantuan|TYPE=NaturalArmor.STACK
SIZENAME:Colossal		BONUS:STAT|STR|2|PREBASESIZELT:Tiny		BONUS:STAT|STR|4|PREBASESIZELT:Small	BONUS:STAT|STR|4|PREBASESIZELT:Medium		BONUS:STAT|STR|8|PREBASESIZELT:Large	BONUS:STAT|STR|8|PREBASESIZELT:Huge		BONUS:STAT|STR|8|PREBASESIZELT:Gargantuan		BONUS:STAT|STR|8|PREBASESIZELT:Colossal
SIZENAME:Colossal		BONUS:STAT|DEX|-2|PREBASESIZEEQ:Fine	BONUS:STAT|DEX|-2|PREBASESIZELT:Tiny	BONUS:STAT|DEX|-2|PREBASESIZELT:Small	BONUS:STAT|DEX|-2|PREBASESIZELT:Medium	BONUS:STAT|DEX|-2|PREBASESIZELT:Large	BONUS:STAT|DEX|-2|PREBASESIZELT:Huge
SIZENAME:Colossal		BONUS:STAT|CON|2|PREBASESIZELT:Medium	BONUS:STAT|CON|4|PREBASESIZELT:Large	BONUS:STAT|CON|4|PREBASESIZELT:Huge		BONUS:STAT|CON|4|PREBASESIZELT:Gargantuan		BONUS:STAT|CON|4|PREBASESIZELT:Colossal

SIZENAME:Enormous		MODIFY:VAR=LoadScoreSizeMod|ADD|25

SIZENAME:Vast		MODIFY:VAR=LoadScoreSizeMod|ADD|30

