#
# Stat & Check definitions for Fantasy Craft
#
STATNAME:Strength		ABB:STR	KEY:STR	DEFINE:MAXLEVELSTAT=STR|STRSCORE-10	MODIFY:STRSCORE|SOLVE|Value	MODIFY:STR|SOLVE|Mod	ABILITY:Internal|AUTOMATIC|Default
STATNAME:Dexterity	ABB:DEX	KEY:DEX	DEFINE:MAXLEVELSTAT=DEX|DEXSCORE-10	MODIFY:DEXSCORE|SOLVE|Value	MODIFY:DEX|SOLVE|Mod
STATNAME:Constitution	ABB:CON	KEY:CON	DEFINE:MAXLEVELSTAT=CON|CONSCORE-10	MODIFY:CONSCORE|SOLVE|Value	MODIFY:CON|SOLVE|Mod
STATNAME:Intelligence	ABB:INT	KEY:INT	DEFINE:MAXLEVELSTAT=INT|INTSCORE-10	MODIFY:INTSCORE|SOLVE|Value	MODIFY:INT|SOLVE|Mod
STATNAME:Wisdom		ABB:WIS	KEY:WIS	DEFINE:MAXLEVELSTAT=WIS|WISSCORE-10	MODIFY:WISSCORE|SOLVE|Value	MODIFY:WIS|SOLVE|Mod
STATNAME:Charisma		ABB:CHA	KEY:CHA	DEFINE:MAXLEVELSTAT=CHA|CHASCORE-10	MODIFY:CHASCORE|SOLVE|Value	MODIFY:CHA|SOLVE|Mod

# Saves			Grabs the Mod from Stat			In theory gets the Values from Classes - Local to other local, will that work?
CHECKNAME:Fortitude	MODIFY:Save.Stat|SOLVE|value()+CON	MODIFY:Save.Base|SOLVE|value()+Save.Fortitude	MODIFY:Save|SOLVE|value()+Save.Base+Save.Stat+Save.Bonus+Save.Racial	
CHECKNAME:Reflex		MODIFY:Save.Stat|SOLVE|value()+DEX	MODIFY:Save.Base|SOLVE|value()+Save.Reflex	MODIFY:Save|SOLVE|value()+Save.Base+Save.Stat+Save.Bonus+Save.Racial	
CHECKNAME:Will		MODIFY:Save.Stat|SOLVE|value()+WIS	MODIFY:Save.Base|SOLVE|value()+Save.Will		MODIFY:Save|SOLVE|value()+Save.Base+Save.Stat+Save.Bonus+Save.Racial	

# for OS display		FACT won't work in a gamemode file...
#CHECKNAME:Fortitude	STATABB:CON		MODIFY:Save.Stat|SOLVE|value()+CON	MODIFY:Save.Base|SOLVE|value()+Save.Fortitude
#CHECKNAME:Reflex		STATABB:DEX		MODIFY:Save.Stat|SOLVE|value()+DEX	MODIFY:Save.Base|SOLVE|value()+Save.Reflex
#CHECKNAME:Will		STATABB:WIS		MODIFY:Save.Stat|SOLVE|value()+WIS	MODIFY:Save.Base|SOLVE|value()+Save.Will

